37
37
1
16
13
3
23
3
3
1
1
1
5
1
1
5
37
3
1
13
13
1
1
1
3
1
1
1
68
1
3
3
3
1
13
15
3
1
1
5
5
36
1
1
3
1
19
1
3
3
1
8
