2867 8965 5426 7628 8604 6014 2005 3416 1308 9509 / 9819 2530 6490 100 6267 7488 2071 1895 7131 4489 1830 9452 / 8951 6763 4373 601 3684 9050 2702 473 5102 206 9603 2601 5667 / 6169 5597 698 4941 7022 7221 172 7083 2611 1864 6931 6786 416 5958 / 357 47 2930 298 8527 8706 6114 9447 4090 8061 3655 1815 2548 5400 / 9029 6650 4876 3507 1964 4389 7504 87 3534 1160 4946 9287 1134 5852 / 6838 977 74 9309 3413 4423 5537 8038 7188 5419 9839 / 1807 7072 7651 4091 7804 434 5521 2818 3414 1410 9285 6733
