871 / 614 88 202 163 / 838 434 / 665 60 43 453 / 150 322 152 549
