7618 2539 5415 2345 7332 8470 4774 9140 7246 5069 1654 1685 3448 2113 3764 8808 342 3055 4519 186 8661 1743 5441 7203 7087 7502 7053 881 1014 5023 923 6694 336 2438 8034 8837 95 7766 9767 5055 196 2426 7747 773 119 5350 6342 222 9601 9003 8894 6222 2354 2859 7216 7990 7251 8207 7158 9580 7149 3999 7376 4875 9797 3899 6099 3736 3103 853 4753 4899 6794 1081 9473 5718 1316 7413 9308 9606 9215 7784 1569 9020 7490 7083 8662 4035 1156 8531 6528 8233 4569 7329 7602 6102 6724 6972 6141 5232
