2369 / 6113 / 1757 / 3415 / 6060 / 926 / 7543 / 1217 / 3184 / 4276 / 7136 / 840 / 406 / 4126 / 4908 / 6481 / 8613 / 7862 / 5554 / 5883 / 9139 / 7681 / 1931 / 1290 / 9801 / 4403 / 422 / 9065 / 9326 / 9573 / 6744 / 3182 / 1069 / 8628 / 401 / 1505 / 4593 / 4834 / 946 / 3088 / 3171 / 4680 / 2058 / 5288 / 8374 / 3769 / 2251 / 28 / 3244 / 7649 / 1388 / 9514 / 4410 / 838 / 5726 / 3513 / 8702 / 2324 / 6255 / 5505 / 6130 / 9097 / 9352 / 721 / 6591 / 2922 / 8691 / 9155 / 8170 / 555 / 5772 / 9911 / 2428 / 863 / 9659 / 302 / 6780 / 1635 / 1286 / 9138 / 9121 / 2155 / 8715 / 6150 / 3295 / 625 8258 / 8231 / 505 6343 / 9052 / 8728 / 1334 577 / 9683 / 3033 34 2534 2997 / 7378
