4645173591197427210864365798557489932550612763096280043535242006067861616601353561871292572021484375
