9457041326360126275409163810272168404258550201392924927732774635131453370195329598391292572021484375
