1628135320460106221640410840604252738325233900944990825649417529507077549562964809926404052021484375
