2798277754109141554735824802894903223545052333882974500616320392974041087752966450391292572021484375
