3797892184740507727651119881910224430449101368243920220759698457817147854724177985502772572021484375
