slavko
slavko
mirko
mirko
slavko
mirko
mirko
mirko
