mirko
mirko
mirko
slavko
slavko
slavko
slavko
mirko
mirko
mirko
mirko
mirko
slavko
slavko
mirko
slavko
mirko
mirko
mirko
mirko
mirko
mirko
mirko
mirko
slavko
mirko
mirko
mirko
slavko
slavko
slavko
mirko
mirko
mirko
mirko
mirko
slavko
slavko
mirko
mirko
mirko
mirko
mirko
mirko
slavko
slavko
mirko
slavko
slavko
slavko
slavko
mirko
mirko
mirko
slavko
slavko
mirko
slavko
mirko
slavko
