16
16
16
16
14
19
19
16
16
16
19
14
14
19
14
16
16
14
16
19
19
19
14
21
14
14
14
16
16
14
14
19
16
16
14
14
19
14
19
16
19
14
19
19
19
19
21
21
21
19
21
16
16
16
16
21
16
19
21
21
16
21
21
16
19
16
16
19
21
21
21
21
21
21
19
19
21
21
16
21
21
16
16
19
21
16
21
19
16
21
16
19
21
19
19
21
19
16
21
19
19
21
16
19
5
19
21
19
21
19
16
19
16
21
5
19
21
19
19
21
21
21
21
21
21
16
21
21
19
19
21
19
21
21
21
21
16
19
5
19
21
16
21
21
19
5
5
19
19
21
21
5
19
16
21
19
5
21
21
1
21
5
21
5
16
16
21
21
21
16
5
1
21
1
16
21
16
21
21
21
1
21
21
21
1
1
1
16
21
16
1
21
16
16
21
16
21
21
21
21
1
1
16
21
1
16
21
16
1
21
1
1
1
1
1
1
16
1
16
1
1
21
16
1
21
21
16
21
21
16
21
1
1
1
1
16
16
21
21
16
1
16
21
21
16
1
21
16
21
16
16
1
16
1
16
1
1
16
16
1
1
1
16
16
16
16
1
16
16
16
16
1
16
1
16
16
1
16
16
16
16
1
16
1
1
16
1
1
1
16
