11
11
11
11
11
11
38
11
11
11
11
11
11
11
11
22
22
22
22
22
28
22
28
11
28
28
28
11
22
28
28
28
11
22
28
28
22
28
11
28
28
28
